src/pages/admin/analytics/AnalyticsPage.tsx(87,5): error TS2657: JSX expressions must have one parent element.
src/pages/admin/analytics/AnalyticsPage.tsx(166,71): error TS1127: Invalid character.
src/pages/admin/analytics/AnalyticsPage.tsx(166,131): error TS1381: Unexpected token. Did you mean `{'}'}` or `&rbrace;`?
src/pages/admin/analytics/AnalyticsPage.tsx(166,132): error TS1381: Unexpected token. Did you mean `{'}'}` or `&rbrace;`?
src/pages/admin/analytics/AnalyticsPage.tsx(166,164): error TS1382: Unexpected token. Did you mean `{'>'}` or `&gt;`?
src/pages/admin/analytics/AnalyticsPage.tsx(166,171): error TS1381: Unexpected token. Did you mean `{'}'}` or `&rbrace;`?
src/pages/admin/analytics/AnalyticsPage.tsx(167,74): error TS1127: Invalid character.
src/pages/admin/analytics/AnalyticsPage.tsx(167,137): error TS1381: Unexpected token. Did you mean `{'}'}` or `&rbrace;`?
src/pages/admin/analytics/AnalyticsPage.tsx(167,138): error TS1381: Unexpected token. Did you mean `{'}'}` or `&rbrace;`?
src/pages/admin/analytics/AnalyticsPage.tsx(167,170): error TS1382: Unexpected token. Did you mean `{'>'}` or `&gt;`?
src/pages/admin/analytics/AnalyticsPage.tsx(167,177): error TS1381: Unexpected token. Did you mean `{'}'}` or `&rbrace;`?
src/pages/admin/analytics/AnalyticsPage.tsx(168,71): error TS1127: Invalid character.
src/pages/admin/analytics/AnalyticsPage.tsx(168,131): error TS1381: Unexpected token. Did you mean `{'}'}` or `&rbrace;`?
src/pages/admin/analytics/AnalyticsPage.tsx(168,132): error TS1381: Unexpected token. Did you mean `{'}'}` or `&rbrace;`?
src/pages/admin/analytics/AnalyticsPage.tsx(168,166): error TS1382: Unexpected token. Did you mean `{'>'}` or `&gt;`?
src/pages/admin/analytics/AnalyticsPage.tsx(168,173): error TS1381: Unexpected token. Did you mean `{'}'}` or `&rbrace;`?
src/pages/admin/analytics/AnalyticsPage.tsx(175,10): error TS1005: ')' expected.
src/pages/admin/analytics/AnalyticsPage.tsx(178,15): error TS1005: ';' expected.
src/pages/admin/analytics/AnalyticsPage.tsx(179,13): error TS2657: JSX expressions must have one parent element.
src/pages/admin/analytics/AnalyticsPage.tsx(213,144): error TS1127: Invalid character.
src/pages/admin/analytics/AnalyticsPage.tsx(213,192): error TS1381: Unexpected token. Did you mean `{'}'}` or `&rbrace;`?
src/pages/admin/analytics/AnalyticsPage.tsx(213,193): error TS1381: Unexpected token. Did you mean `{'}'}` or `&rbrace;`?
src/pages/admin/analytics/AnalyticsPage.tsx(213,194): error TS1382: Unexpected token. Did you mean `{'>'}` or `&gt;`?
src/pages/admin/analytics/AnalyticsPage.tsx(218,13): error TS1128: Declaration or statement expected.
src/pages/admin/analytics/AnalyticsPage.tsx(219,10): error TS1109: Expression expected.
src/pages/admin/analytics/AnalyticsPage.tsx(220,7): error TS1109: Expression expected.
src/pages/admin/analytics/AnalyticsPage.tsx(223,12): error TS1005: ';' expected.
src/pages/admin/analytics/AnalyticsPage.tsx(225,15): error TS1005: ';' expected.
src/pages/admin/analytics/AnalyticsPage.tsx(226,13): error TS2657: JSX expressions must have one parent element.
src/pages/admin/analytics/AnalyticsPage.tsx(256,10): error TS1128: Declaration or statement expected.
src/pages/admin/analytics/AnalyticsPage.tsx(259,15): error TS1005: ';' expected.
src/pages/admin/analytics/AnalyticsPage.tsx(260,13): error TS2657: JSX expressions must have one parent element.
src/pages/admin/analytics/AnalyticsPage.tsx(279,10): error TS1128: Declaration or statement expected.
src/pages/admin/analytics/AnalyticsPage.tsx(282,15): error TS1005: ';' expected.
src/pages/admin/analytics/AnalyticsPage.tsx(284,19): error TS1005: ';' expected.
src/pages/admin/analytics/AnalyticsPage.tsx(304,14): error TS1128: Declaration or statement expected.
src/pages/admin/analytics/AnalyticsPage.tsx(307,19): error TS1005: ';' expected.
src/pages/admin/analytics/AnalyticsPage.tsx(308,18): error TS2657: JSX expressions must have one parent element.
src/pages/admin/analytics/AnalyticsPage.tsx(322,90): error TS1127: Invalid character.
src/pages/admin/analytics/AnalyticsPage.tsx(322,157): error TS1381: Unexpected token. Did you mean `{'}'}` or `&rbrace;`?
src/pages/admin/analytics/AnalyticsPage.tsx(322,158): error TS1381: Unexpected token. Did you mean `{'}'}` or `&rbrace;`?
src/pages/admin/analytics/AnalyticsPage.tsx(322,159): error TS1382: Unexpected token. Did you mean `{'>'}` or `&gt;`?
src/pages/admin/analytics/AnalyticsPage.tsx(325,26): error TS1005: ')' expected.
src/pages/admin/analytics/AnalyticsPage.tsx(326,22): error TS1128: Declaration or statement expected.
src/pages/admin/analytics/AnalyticsPage.tsx(326,23): error TS1128: Declaration or statement expected.
src/pages/admin/analytics/AnalyticsPage.tsx(327,18): error TS1128: Declaration or statement expected.
src/pages/admin/analytics/AnalyticsPage.tsx(328,14): error TS1109: Expression expected.
src/pages/admin/analytics/AnalyticsPage.tsx(329,10): error TS1109: Expression expected.
src/pages/admin/analytics/AnalyticsPage.tsx(330,7): error TS1109: Expression expected.
src/pages/admin/analytics/AnalyticsPage.tsx(333,12): error TS1005: ';' expected.
src/pages/admin/analytics/AnalyticsPage.tsx(335,16): error TS1005: ';' expected.
src/pages/admin/analytics/AnalyticsPage.tsx(336,15): error TS2657: JSX expressions must have one parent element.
src/pages/admin/analytics/AnalyticsPage.tsx(348,11): error TS1128: Declaration or statement expected.
src/pages/admin/analytics/AnalyticsPage.tsx(351,16): error TS1005: ';' expected.
src/pages/admin/analytics/AnalyticsPage.tsx(352,15): error TS2657: JSX expressions must have one parent element.
src/pages/admin/analytics/AnalyticsPage.tsx(361,30): error TS2657: JSX expressions must have one parent element.
src/pages/admin/analytics/AnalyticsPage.tsx(364,54): error TS1127: Invalid character.
src/pages/admin/analytics/AnalyticsPage.tsx(364,153): error TS1381: Unexpected token. Did you mean `{'}'}` or `&rbrace;`?
src/pages/admin/analytics/AnalyticsPage.tsx(364,154): error TS1382: Unexpected token. Did you mean `{'>'}` or `&gt;`?
src/pages/admin/analytics/AnalyticsPage.tsx(372,30): error TS1005: ')' expected.
src/pages/admin/analytics/AnalyticsPage.tsx(374,22): error TS1381: Unexpected token. Did you mean `{'}'}` or `&rbrace;`?
src/pages/admin/analytics/AnalyticsPage.tsx(374,24): error TS1381: Unexpected token. Did you mean `{'}'}` or `&rbrace;`?
src/pages/admin/analytics/AnalyticsPage.tsx(376,15): error TS1128: Declaration or statement expected.
src/pages/admin/analytics/AnalyticsPage.tsx(377,11): error TS1109: Expression expected.
src/pages/admin/analytics/AnalyticsPage.tsx(380,16): error TS1005: ';' expected.
src/pages/admin/analytics/AnalyticsPage.tsx(381,15): error TS2657: JSX expressions must have one parent element.
src/pages/admin/analytics/AnalyticsPage.tsx(396,11): error TS1128: Declaration or statement expected.
src/pages/admin/analytics/AnalyticsPage.tsx(397,7): error TS1109: Expression expected.
src/pages/admin/analytics/AnalyticsPage.tsx(399,5): error TS1109: Expression expected.
src/pages/admin/analytics/AnalyticsPage.tsx(400,3): error TS1109: Expression expected.
src/pages/admin/analytics/AnalyticsPage.tsx(401,1): error TS1128: Declaration or statement expected.
