src/controllers/user/order.controller.ts(8,36): error TS2307: Cannot find module './notificationController.js' or its corresponding type declarations.
src/server.ts(13,24): error TS2307: Cannot find module './routes/auth.routes.js' or its corresponding type declarations.
src/server.ts(14,27): error TS2307: Cannot find module './routes/product.routes.js' or its corresponding type declarations.
src/server.ts(15,28): error TS2307: Cannot find module './routes/category.routes.js' or its corresponding type declarations.
src/server.ts(16,24): error TS2307: Cannot find module './routes/cart.routes.js' or its corresponding type declarations.
src/server.ts(17,25): error TS2307: Cannot find module './routes/order.routes.js' or its corresponding type declarations.
src/server.ts(18,26): error TS2307: Cannot find module './routes/upload.routes.js' or its corresponding type declarations.
src/server.ts(19,24): error TS2307: Cannot find module './routes/chat.routes.js' or its corresponding type declarations.
src/server.ts(20,35): error TS2307: Cannot find module './routes/personalization.routes.js' or its corresponding type declarations.
src/server.ts(21,25): error TS2307: Cannot find module './routes/admin.routes.js' or its corresponding type declarations.
src/server.ts(22,28): error TS2307: Cannot find module './routes/settings.routes.js' or its corresponding type declarations.
src/server.ts(23,30): error TS2307: Cannot find module './routes/permission.routes.js' or its corresponding type declarations.
src/server.ts(24,32): error TS2307: Cannot find module './routes/notification.routes.js' or its corresponding type declarations.
src/server.ts(25,22): error TS2307: Cannot find module './routes/ai.routes.js' or its corresponding type declarations.
src/server.ts(26,26): error TS2307: Cannot find module './routes/coupon.routes.js' or its corresponding type declarations.
src/server.ts(27,25): error TS2307: Cannot find module './routes/brand.routes.js' or its corresponding type declarations.
src/server.ts(28,31): error TS2307: Cannot find module './routes/brand.public.routes.js' or its corresponding type declarations.
src/server.ts(29,26): error TS2307: Cannot find module './routes/review.routes.js' or its corresponding type declarations.
src/server.ts(30,28): error TS2307: Cannot find module './routes/shipping.routes.js' or its corresponding type declarations.
src/server.ts(31,26): error TS2307: Cannot find module './routes/banner.routes.js' or its corresponding type declarations.
src/server.ts(32,34): error TS2307: Cannot find module './controllers/banner.controller.js' or its corresponding type declarations.
src/server.ts(33,26): error TS2307: Cannot find module './routes/export.routes.js' or its corresponding type declarations.
src/server.ts(34,26): error TS2307: Cannot find module './routes/import.routes.js' or its corresponding type declarations.
src/server.ts(35,25): error TS2307: Cannot find module './routes/staff.routes.js' or its corresponding type declarations.
src/server.ts(36,23): error TS2307: Cannot find module './routes/log.routes.js' or its corresponding type declarations.
src/server.ts(37,27): error TS2307: Cannot find module './routes/payment.routes.js' or its corresponding type declarations.
src/server.ts(38,28): error TS2307: Cannot find module './routes/wishlist.routes.js' or its corresponding type declarations.
src/server.ts(39,26): error TS2307: Cannot find module './routes/places.routes.js' or its corresponding type declarations.
src/services/ai.service.ts(840,64): error TS2554: Expected 1-2 arguments, but got 4.
src/services/logger.service.ts(2,36): error TS2307: Cannot find module '../controllers/notificationController.js' or its corresponding type declarations.
src/services/scheduler.service.ts(3,36): error TS2307: Cannot find module '../controllers/notificationController.js' or its corresponding type declarations.
